2025-12-17T04:47:17.385422+00:00 INFO 'ansible_navigator.setup_logger' New ansible-navigator instance, logging initialized
2025-12-17T04:47:17.385827+00:00 INFO 'ansible_navigator.setup_logger' New ansible-runner instance, logging initialized
2025-12-17T04:47:17.385854+00:00 DEBUG 'ansible_navigator.main' Jinja2==3.1.6 
2025-12-17T04:47:17.385871+00:00 DEBUG 'ansible_navigator.main' MarkupSafe==3.0.3 
2025-12-17T04:47:17.385883+00:00 DEBUG 'ansible_navigator.main' Parsley==1.3 
2025-12-17T04:47:17.385893+00:00 DEBUG 'ansible_navigator.main' PyYAML==6.0.3 
2025-12-17T04:47:17.385902+00:00 DEBUG 'ansible_navigator.main' ansible-builder==3.1.1 
2025-12-17T04:47:17.385911+00:00 DEBUG 'ansible_navigator.main' ansible-compat==25.12.0 
2025-12-17T04:47:17.385919+00:00 DEBUG 'ansible_navigator.main' ansible-core==2.20.1 
2025-12-17T04:47:17.385927+00:00 DEBUG 'ansible_navigator.main' ansible-lint==25.12.1 
2025-12-17T04:47:17.385935+00:00 DEBUG 'ansible_navigator.main' ansible-navigator==25.12.0 
2025-12-17T04:47:17.385943+00:00 DEBUG 'ansible_navigator.main' ansible-runner==2.4.2 
2025-12-17T04:47:17.385952+00:00 DEBUG 'ansible_navigator.main' attrs==25.4.0 /Users/chowdri/Documents/Intern_SelfLearn/Ansible/Day4/task1/venv/lib/python3.12/site-packages/attrs/__init__.py
2025-12-17T04:47:17.385960+00:00 DEBUG 'ansible_navigator.main' bindep==2.13.0 /Users/chowdri/Documents/Intern_SelfLearn/Ansible/Day4/task1/venv/lib/python3.12/site-packages/bindep/__init__.py
2025-12-17T04:47:17.385968+00:00 DEBUG 'ansible_navigator.main' black==25.12.0 /Users/chowdri/Documents/Intern_SelfLearn/Ansible/Day4/task1/venv/lib/python3.12/site-packages/black/__init__.cpython-312-darwin.so
2025-12-17T04:47:17.385975+00:00 DEBUG 'ansible_navigator.main' boto3==1.42.10 /Users/chowdri/Documents/Intern_SelfLearn/Ansible/Day4/task1/venv/lib/python3.12/site-packages/boto3/__init__.py
2025-12-17T04:47:17.385983+00:00 DEBUG 'ansible_navigator.main' botocore==1.42.10 /Users/chowdri/Documents/Intern_SelfLearn/Ansible/Day4/task1/venv/lib/python3.12/site-packages/botocore/__init__.py
2025-12-17T04:47:17.385991+00:00 DEBUG 'ansible_navigator.main' bracex==2.6 /Users/chowdri/Documents/Intern_SelfLearn/Ansible/Day4/task1/venv/lib/python3.12/site-packages/bracex/__init__.py
2025-12-17T04:47:17.385998+00:00 DEBUG 'ansible_navigator.main' cffi==2.0.0 /Users/chowdri/Documents/Intern_SelfLearn/Ansible/Day4/task1/venv/lib/python3.12/site-packages/cffi/__init__.py
2025-12-17T04:47:17.386006+00:00 DEBUG 'ansible_navigator.main' click==8.3.1 /Users/chowdri/Documents/Intern_SelfLearn/Ansible/Day4/task1/venv/lib/python3.12/site-packages/click/__init__.py
2025-12-17T04:47:17.386014+00:00 DEBUG 'ansible_navigator.main' cryptography==46.0.3 /Users/chowdri/Documents/Intern_SelfLearn/Ansible/Day4/task1/venv/lib/python3.12/site-packages/cryptography/__init__.py
2025-12-17T04:47:17.386022+00:00 DEBUG 'ansible_navigator.main' distro==1.9.0 /Users/chowdri/Documents/Intern_SelfLearn/Ansible/Day4/task1/venv/lib/python3.12/site-packages/distro/__init__.py
2025-12-17T04:47:17.386029+00:00 DEBUG 'ansible_navigator.main' filelock==3.20.1 /Users/chowdri/Documents/Intern_SelfLearn/Ansible/Day4/task1/venv/lib/python3.12/site-packages/filelock/__init__.py
2025-12-17T04:47:17.386036+00:00 DEBUG 'ansible_navigator.main' jmespath==1.0.1 /Users/chowdri/Documents/Intern_SelfLearn/Ansible/Day4/task1/venv/lib/python3.12/site-packages/jmespath/__init__.py
2025-12-17T04:47:17.386043+00:00 DEBUG 'ansible_navigator.main' jsonschema-specifications==2025.9.1 
2025-12-17T04:47:17.386052+00:00 DEBUG 'ansible_navigator.main' jsonschema==4.25.1 /Users/chowdri/Documents/Intern_SelfLearn/Ansible/Day4/task1/venv/lib/python3.12/site-packages/jsonschema/__init__.py
2025-12-17T04:47:17.386060+00:00 DEBUG 'ansible_navigator.main' lockfile==0.12.2 /Users/chowdri/Documents/Intern_SelfLearn/Ansible/Day4/task1/venv/lib/python3.12/site-packages/lockfile/__init__.py
2025-12-17T04:47:17.386068+00:00 DEBUG 'ansible_navigator.main' mypy_extensions==1.1.0 /Users/chowdri/Documents/Intern_SelfLearn/Ansible/Day4/task1/venv/lib/python3.12/site-packages/mypy_extensions.py
2025-12-17T04:47:17.386079+00:00 DEBUG 'ansible_navigator.main' onigurumacffi==1.4.1 /Users/chowdri/Documents/Intern_SelfLearn/Ansible/Day4/task1/venv/lib/python3.12/site-packages/onigurumacffi.py
2025-12-17T04:47:17.386087+00:00 DEBUG 'ansible_navigator.main' packaging==25.0 /Users/chowdri/Documents/Intern_SelfLearn/Ansible/Day4/task1/venv/lib/python3.12/site-packages/packaging/__init__.py
2025-12-17T04:47:17.386094+00:00 DEBUG 'ansible_navigator.main' pathspec==0.12.1 /Users/chowdri/Documents/Intern_SelfLearn/Ansible/Day4/task1/venv/lib/python3.12/site-packages/pathspec/__init__.py
2025-12-17T04:47:17.386102+00:00 DEBUG 'ansible_navigator.main' pbr==7.0.3 /Users/chowdri/Documents/Intern_SelfLearn/Ansible/Day4/task1/venv/lib/python3.12/site-packages/pbr/__init__.py
2025-12-17T04:47:17.386108+00:00 DEBUG 'ansible_navigator.main' pexpect==4.9.0 /Users/chowdri/Documents/Intern_SelfLearn/Ansible/Day4/task1/venv/lib/python3.12/site-packages/pexpect/__init__.py
2025-12-17T04:47:17.386115+00:00 DEBUG 'ansible_navigator.main' pip==25.3 /Users/chowdri/Documents/Intern_SelfLearn/Ansible/Day4/task1/venv/lib/python3.12/site-packages/pip/__init__.py
2025-12-17T04:47:17.386121+00:00 DEBUG 'ansible_navigator.main' platformdirs==4.5.1 /Users/chowdri/Documents/Intern_SelfLearn/Ansible/Day4/task1/venv/lib/python3.12/site-packages/platformdirs/__init__.py
2025-12-17T04:47:17.386129+00:00 DEBUG 'ansible_navigator.main' ptyprocess==0.7.0 /Users/chowdri/Documents/Intern_SelfLearn/Ansible/Day4/task1/venv/lib/python3.12/site-packages/ptyprocess/__init__.py
2025-12-17T04:47:17.386135+00:00 DEBUG 'ansible_navigator.main' pycparser==2.23 /Users/chowdri/Documents/Intern_SelfLearn/Ansible/Day4/task1/venv/lib/python3.12/site-packages/pycparser/__init__.py
2025-12-17T04:47:17.386142+00:00 DEBUG 'ansible_navigator.main' python-daemon==3.1.2 
2025-12-17T04:47:17.386148+00:00 DEBUG 'ansible_navigator.main' python-dateutil==2.9.0.post0 
2025-12-17T04:47:17.386155+00:00 DEBUG 'ansible_navigator.main' pytokens==0.3.0 /Users/chowdri/Documents/Intern_SelfLearn/Ansible/Day4/task1/venv/lib/python3.12/site-packages/pytokens/__init__.py
2025-12-17T04:47:17.386162+00:00 DEBUG 'ansible_navigator.main' referencing==0.37.0 /Users/chowdri/Documents/Intern_SelfLearn/Ansible/Day4/task1/venv/lib/python3.12/site-packages/referencing/__init__.py
2025-12-17T04:47:17.386169+00:00 DEBUG 'ansible_navigator.main' resolvelib==1.2.1 /Users/chowdri/Documents/Intern_SelfLearn/Ansible/Day4/task1/venv/lib/python3.12/site-packages/resolvelib/__init__.py
2025-12-17T04:47:17.386175+00:00 DEBUG 'ansible_navigator.main' rpds-py==0.30.0 
2025-12-17T04:47:17.386181+00:00 DEBUG 'ansible_navigator.main' ruamel.yaml.clib==0.2.15 
2025-12-17T04:47:17.386187+00:00 DEBUG 'ansible_navigator.main' ruamel.yaml==0.18.16 /Users/chowdri/Documents/Intern_SelfLearn/Ansible/Day4/task1/venv/lib/python3.12/site-packages/ruamel/yaml/__init__.py
2025-12-17T04:47:17.386194+00:00 DEBUG 'ansible_navigator.main' s3transfer==0.16.0 /Users/chowdri/Documents/Intern_SelfLearn/Ansible/Day4/task1/venv/lib/python3.12/site-packages/s3transfer/__init__.py
2025-12-17T04:47:17.386200+00:00 DEBUG 'ansible_navigator.main' setuptools==80.9.0 /Users/chowdri/Documents/Intern_SelfLearn/Ansible/Day4/task1/venv/lib/python3.12/site-packages/setuptools/__init__.py
2025-12-17T04:47:17.386206+00:00 DEBUG 'ansible_navigator.main' six==1.17.0 /Users/chowdri/Documents/Intern_SelfLearn/Ansible/Day4/task1/venv/lib/python3.12/site-packages/six.py
2025-12-17T04:47:17.386213+00:00 DEBUG 'ansible_navigator.main' subprocess-tee==0.4.2 
2025-12-17T04:47:17.386219+00:00 DEBUG 'ansible_navigator.main' typing_extensions==4.15.0 /Users/chowdri/Documents/Intern_SelfLearn/Ansible/Day4/task1/venv/lib/python3.12/site-packages/typing_extensions.py
2025-12-17T04:47:17.386225+00:00 DEBUG 'ansible_navigator.main' tzdata==2025.3 /Users/chowdri/Documents/Intern_SelfLearn/Ansible/Day4/task1/venv/lib/python3.12/site-packages/tzdata/__init__.py
2025-12-17T04:47:17.386230+00:00 DEBUG 'ansible_navigator.main' urllib3==2.6.2 /Users/chowdri/Documents/Intern_SelfLearn/Ansible/Day4/task1/venv/lib/python3.12/site-packages/urllib3/__init__.py
2025-12-17T04:47:17.386242+00:00 DEBUG 'ansible_navigator.main' wcmatch==10.1 /Users/chowdri/Documents/Intern_SelfLearn/Ansible/Day4/task1/venv/lib/python3.12/site-packages/wcmatch/__init__.py
2025-12-17T04:47:17.386248+00:00 DEBUG 'ansible_navigator.main' yamllint==1.37.1 /Users/chowdri/Documents/Intern_SelfLearn/Ansible/Day4/task1/venv/lib/python3.12/site-packages/yamllint/__init__.py
2025-12-17T04:47:17.386254+00:00 DEBUG 'ansible_navigator.main' Default collection_doc_cache_path set to: /Users/chowdri/.cache/ansible-navigator/collection_doc_cache.db
2025-12-17T04:47:17.386260+00:00 DEBUG 'ansible_navigator.main' EDITOR environment variable not set
2025-12-17T04:47:17.386266+00:00 DEBUG 'ansible_navigator.main' Default editor_command set to: vi +{line_number} {filename}
2025-12-17T04:47:17.386272+00:00 DEBUG 'ansible_navigator.main' No config file set by ANSIBLE_NAVIGATOR_CONFIG
2025-12-17T04:47:17.386277+00:00 DEBUG 'ansible_navigator.main' Looking in /Users/chowdri/.ansible-navigator
2025-12-17T04:47:17.386283+00:00 DEBUG 'ansible_navigator.main' Looking for '/Users/chowdri/.ansible-navigator.yml', '/Users/chowdri/.ansible-navigator.yaml' and '/Users/chowdri/.ansible-navigator.json'
2025-12-17T04:47:17.386288+00:00 DEBUG 'ansible_navigator.main' Found 0: 
2025-12-17T04:47:17.386294+00:00 DEBUG 'ansible_navigator.main' Looking in /Users/chowdri/Documents/Intern_SelfLearn/Ansible/Day4/task1/ansible-navigator
2025-12-17T04:47:17.386299+00:00 DEBUG 'ansible_navigator.main' Looking for '/Users/chowdri/Documents/Intern_SelfLearn/Ansible/Day4/task1/ansible-navigator.yml', '/Users/chowdri/Documents/Intern_SelfLearn/Ansible/Day4/task1/ansible-navigator.yaml' and '/Users/chowdri/Documents/Intern_SelfLearn/Ansible/Day4/task1/ansible-navigator.json'
2025-12-17T04:47:17.386305+00:00 DEBUG 'ansible_navigator.main' Found 0: 
2025-12-17T04:47:17.386310+00:00 DEBUG 'ansible_navigator.main' All found 0: 
2025-12-17T04:47:17.386316+00:00 DEBUG 'ansible_navigator.main' Using: None
2025-12-17T04:47:17.386321+00:00 DEBUG 'ansible_navigator.main' No valid settings file found, using all default values for settings.
2025-12-17T04:47:17.386327+00:00 DEBUG 'ansible_navigator.main' Command provided: 'doc'
2025-12-17T04:47:17.386332+00:00 DEBUG 'ansible_navigator.main' EE support enabled: using current working directory for 'ansible.cfg'
2025-12-17T04:47:17.386337+00:00 INFO 'ansible_navigator.main' EE support enabled: found 'ansible.cfg' in current working directory.
2025-12-17T04:47:17.386343+00:00 DEBUG 'ansible_navigator.main' Completed post processing for ansible_runner_artifact_dir. (changed=False)
2025-12-17T04:47:17.386348+00:00 DEBUG 'ansible_navigator.main' Completed post processing for ansible_runner_rotate_artifacts_count. (changed=False)
2025-12-17T04:47:17.386354+00:00 DEBUG 'ansible_navigator.main' Completed post processing for ansible_runner_timeout. (changed=False)
2025-12-17T04:47:17.386359+00:00 DEBUG 'ansible_navigator.main' Completed post processing for cmdline. (changed=False)
2025-12-17T04:47:17.386364+00:00 DEBUG 'ansible_navigator.main' Completed post processing for collection_doc_cache_path. (changed=False)
2025-12-17T04:47:17.386370+00:00 DEBUG 'ansible_navigator.main' Completed post processing for config. (changed=False)
2025-12-17T04:47:17.386375+00:00 DEBUG 'ansible_navigator.main' Completed post processing for config. (changed=False)
2025-12-17T04:47:17.386380+00:00 DEBUG 'ansible_navigator.main' Completed post processing for container_engine. (changed=True)
2025-12-17T04:47:17.386386+00:00 DEBUG 'ansible_navigator.main'  before: 'auto'
2025-12-17T04:47:17.386391+00:00 DEBUG 'ansible_navigator.main'  after: 'docker'
2025-12-17T04:47:17.386396+00:00 DEBUG 'ansible_navigator.main' Completed post processing for container_options. (changed=False)
2025-12-17T04:47:17.386402+00:00 DEBUG 'ansible_navigator.main' Completed post processing for display_color. (changed=False)
2025-12-17T04:47:17.386407+00:00 DEBUG 'ansible_navigator.main' Completed post processing for enable_prompts. (changed=False)
2025-12-17T04:47:17.386415+00:00 DEBUG 'ansible_navigator.main' Completed post processing for execution_environment. (changed=False)
2025-12-17T04:47:17.386420+00:00 DEBUG 'ansible_navigator.main' Completed post processing for execution_environment_image. (changed=False)
2025-12-17T04:47:17.386426+00:00 DEBUG 'ansible_navigator.main' Completed post processing for help_builder. (changed=False)
2025-12-17T04:47:17.386431+00:00 DEBUG 'ansible_navigator.main' Completed post processing for help_config. (changed=False)
2025-12-17T04:47:17.386437+00:00 DEBUG 'ansible_navigator.main' Completed post processing for help_doc. (changed=False)
2025-12-17T04:47:17.386442+00:00 DEBUG 'ansible_navigator.main' Completed post processing for help_inventory. (changed=False)
2025-12-17T04:47:17.386447+00:00 DEBUG 'ansible_navigator.main' Completed post processing for help_playbook. (changed=False)
2025-12-17T04:47:17.386452+00:00 DEBUG 'ansible_navigator.main' Completed post processing for images_details. (changed=False)
2025-12-17T04:47:17.386458+00:00 DEBUG 'ansible_navigator.main' Completed post processing for inventory. (changed=True)
2025-12-17T04:47:17.386463+00:00 DEBUG 'ansible_navigator.main'  before: 'Not set'
2025-12-17T04:47:17.386468+00:00 DEBUG 'ansible_navigator.main'  after: '['/Users/chowdri/Documents/Intern_SelfLearn/Ansible/Day4/task1/inventory.ini']'
2025-12-17T04:47:17.386474+00:00 DEBUG 'ansible_navigator.main' Completed post processing for inventory_column. (changed=False)
2025-12-17T04:47:17.386479+00:00 DEBUG 'ansible_navigator.main' Completed post processing for log_file. (changed=False)
2025-12-17T04:47:17.386484+00:00 DEBUG 'ansible_navigator.main' Completed post processing for pass_environment_variable. (changed=False)
2025-12-17T04:47:17.386490+00:00 DEBUG 'ansible_navigator.main' Completed post processing for playbook. (changed=False)
2025-12-17T04:47:17.386495+00:00 DEBUG 'ansible_navigator.main' Completed post processing for playbook_artifact_replay. (changed=False)
2025-12-17T04:47:17.386500+00:00 DEBUG 'ansible_navigator.main' Completed post processing for playbook_artifact_save_as. (changed=False)
2025-12-17T04:47:17.386506+00:00 DEBUG 'ansible_navigator.main' Completed post processing for plugin_name. (changed=False)
2025-12-17T04:47:17.386511+00:00 DEBUG 'ansible_navigator.main' Completed post processing for pull_arguments. (changed=False)
2025-12-17T04:47:17.386516+00:00 DEBUG 'ansible_navigator.main' Completed post processing for set_environment_variable. (changed=False)
2025-12-17T04:47:17.386521+00:00 DEBUG 'ansible_navigator.main' Completed post processing for settings_effective. (changed=False)
2025-12-17T04:47:17.386527+00:00 DEBUG 'ansible_navigator.main' Completed post processing for settings_sample. (changed=False)
2025-12-17T04:47:17.386532+00:00 DEBUG 'ansible_navigator.main' Completed post processing for settings_schema. (changed=False)
2025-12-17T04:47:17.386537+00:00 DEBUG 'ansible_navigator.main' Completed post processing for settings_sources. (changed=False)
2025-12-17T04:47:17.386543+00:00 DEBUG 'ansible_navigator.main' Completed post processing for time_zone. (changed=False)
2025-12-17T04:47:17.386548+00:00 DEBUG 'ansible_navigator.main' Completed post processing for execution_environment_volume_mounts. (changed=False)
2025-12-17T04:47:17.386554+00:00 DEBUG 'ansible_navigator.main' Completed post processing for mode. (changed=False)
2025-12-17T04:47:17.386559+00:00 DEBUG 'ansible_navigator.main' Completed post processing for playbook_artifact_enable. (changed=False)
2025-12-17T04:47:17.386565+00:00 WARNING 'ansible_navigator.main' Configuration errors encountered, rolling back to previous configuration.
2025-12-17T04:47:17.386571+00:00 DEBUG 'ansible_navigator.main' Prior to rollback: ansible_runner_artifact_dir = 'Not set' (Constants/Not set)
2025-12-17T04:47:17.386576+00:00 DEBUG 'ansible_navigator.main' Prior to rollback: ansible_runner_rotate_artifacts_count = 'Not set' (Constants/Not set)
2025-12-17T04:47:17.386581+00:00 DEBUG 'ansible_navigator.main' Prior to rollback: ansible_runner_timeout = 'Not set' (Constants/Not set)
2025-12-17T04:47:17.386593+00:00 DEBUG 'ansible_navigator.main' Prior to rollback: ansible_runner_write_job_events = 'False' (bool/Defaults)
2025-12-17T04:47:17.386599+00:00 DEBUG 'ansible_navigator.main' Prior to rollback: app = 'doc' (str/Command line)
2025-12-17T04:47:17.386604+00:00 DEBUG 'ansible_navigator.main' Prior to rollback: cmdline = 'Not set' (Constants/Not set)
2025-12-17T04:47:17.386610+00:00 DEBUG 'ansible_navigator.main' Prior to rollback: collection_doc_cache_path = '/Users/chowdri/.cache/ansible-navigator/collection_doc_cache.db' (str/Defaults)
2025-12-17T04:47:17.386615+00:00 DEBUG 'ansible_navigator.main' Prior to rollback: config = 'Not set' (Constants/Not set)
2025-12-17T04:47:17.386620+00:00 DEBUG 'ansible_navigator.main' Prior to rollback: container_engine = 'docker' (str/Automatically determined)
2025-12-17T04:47:17.386626+00:00 DEBUG 'ansible_navigator.main' Prior to rollback: container_options = 'Not set' (Constants/Not set)
2025-12-17T04:47:17.386631+00:00 DEBUG 'ansible_navigator.main' Prior to rollback: display_color = 'True' (bool/Defaults)
2025-12-17T04:47:17.386637+00:00 DEBUG 'ansible_navigator.main' Prior to rollback: editor_command = 'vi +{line_number} {filename}' (str/Defaults)
2025-12-17T04:47:17.386642+00:00 DEBUG 'ansible_navigator.main' Prior to rollback: editor_console = 'True' (bool/Defaults)
2025-12-17T04:47:17.386648+00:00 DEBUG 'ansible_navigator.main' Prior to rollback: enable_prompts = 'False' (bool/Defaults)
2025-12-17T04:47:17.386653+00:00 DEBUG 'ansible_navigator.main' Prior to rollback: exec_command = '/bin/bash' (str/Defaults)
2025-12-17T04:47:17.386658+00:00 DEBUG 'ansible_navigator.main' Prior to rollback: exec_shell = 'True' (bool/Defaults)
2025-12-17T04:47:17.386663+00:00 DEBUG 'ansible_navigator.main' Prior to rollback: execution_environment = 'True' (bool/Defaults)
2025-12-17T04:47:17.386669+00:00 DEBUG 'ansible_navigator.main' Prior to rollback: execution_environment_image = 'ghcr.io/ansible/community-ansible-dev-tools:latest' (str/Defaults)
2025-12-17T04:47:17.386674+00:00 DEBUG 'ansible_navigator.main' Prior to rollback: execution_environment_volume_mounts = 'Not set' (Constants/Not set)
2025-12-17T04:47:17.386679+00:00 DEBUG 'ansible_navigator.main' Prior to rollback: format = 'yaml' (str/Defaults)
2025-12-17T04:47:17.386685+00:00 DEBUG 'ansible_navigator.main' Prior to rollback: help_builder = 'False' (bool/Defaults)
2025-12-17T04:47:17.386690+00:00 DEBUG 'ansible_navigator.main' Prior to rollback: help_config = 'False' (bool/Defaults)
2025-12-17T04:47:17.386695+00:00 DEBUG 'ansible_navigator.main' Prior to rollback: help_doc = 'False' (bool/Defaults)
2025-12-17T04:47:17.386701+00:00 DEBUG 'ansible_navigator.main' Prior to rollback: help_inventory = 'False' (bool/Defaults)
2025-12-17T04:47:17.386706+00:00 DEBUG 'ansible_navigator.main' Prior to rollback: help_playbook = 'False' (bool/Defaults)
2025-12-17T04:47:17.386711+00:00 DEBUG 'ansible_navigator.main' Prior to rollback: images_details = '['everything']' (list/Defaults)
2025-12-17T04:47:17.386717+00:00 DEBUG 'ansible_navigator.main' Prior to rollback: inventory = '['/Users/chowdri/Documents/Intern_SelfLearn/Ansible/Day4/task1/inventory.ini']' (list/Ansible configuration file)
2025-12-17T04:47:17.386722+00:00 DEBUG 'ansible_navigator.main' Prior to rollback: inventory_column = 'Not set' (Constants/Not set)
2025-12-17T04:47:17.386727+00:00 DEBUG 'ansible_navigator.main' Prior to rollback: lint_config = 'Not set' (Constants/Not set)
2025-12-17T04:47:17.386733+00:00 DEBUG 'ansible_navigator.main' Prior to rollback: lintables = 'Not set' (Constants/Not set)
2025-12-17T04:47:17.386738+00:00 DEBUG 'ansible_navigator.main' Prior to rollback: log_append = 'True' (bool/Defaults)
2025-12-17T04:47:17.386743+00:00 DEBUG 'ansible_navigator.main' Prior to rollback: log_file = '/Users/chowdri/Documents/Intern_SelfLearn/Ansible/Day4/task1/ansible-navigator.log' (str/Defaults)
2025-12-17T04:47:17.386748+00:00 DEBUG 'ansible_navigator.main' Prior to rollback: log_level = 'warning' (str/Defaults)
2025-12-17T04:47:17.386756+00:00 DEBUG 'ansible_navigator.main' Prior to rollback: mode = 'interactive' (str/Defaults)
2025-12-17T04:47:17.386761+00:00 DEBUG 'ansible_navigator.main' Prior to rollback: osc4 = 'True' (bool/Defaults)
2025-12-17T04:47:17.386767+00:00 DEBUG 'ansible_navigator.main' Prior to rollback: pass_environment_variable = 'Not set' (Constants/Not set)
2025-12-17T04:47:17.386772+00:00 DEBUG 'ansible_navigator.main' Prior to rollback: playbook = 'Not set' (Constants/Not set)
2025-12-17T04:47:17.386777+00:00 DEBUG 'ansible_navigator.main' Prior to rollback: playbook_artifact_enable = 'True' (bool/Defaults)
2025-12-17T04:47:17.386782+00:00 DEBUG 'ansible_navigator.main' Prior to rollback: playbook_artifact_replay = 'Not set' (Constants/Not set)
2025-12-17T04:47:17.386788+00:00 DEBUG 'ansible_navigator.main' Prior to rollback: playbook_artifact_save_as = '{playbook_dir}/{playbook_name}-artifact-{time_stamp}.json' (str/Defaults)
2025-12-17T04:47:17.386793+00:00 DEBUG 'ansible_navigator.main' Prior to rollback: plugin_name = 'Not set' (Constants/Not set)
2025-12-17T04:47:17.386798+00:00 DEBUG 'ansible_navigator.main' Prior to rollback: plugin_type = 'module' (str/Defaults)
2025-12-17T04:47:17.386804+00:00 DEBUG 'ansible_navigator.main' Prior to rollback: pull_arguments = 'Not set' (Constants/Not set)
2025-12-17T04:47:17.386809+00:00 DEBUG 'ansible_navigator.main' Prior to rollback: pull_policy = 'tag' (str/Defaults)
2025-12-17T04:47:17.386814+00:00 DEBUG 'ansible_navigator.main' Prior to rollback: set_environment_variable = 'Not set' (Constants/Not set)
2025-12-17T04:47:17.386820+00:00 DEBUG 'ansible_navigator.main' Prior to rollback: settings_effective = 'False' (bool/Defaults)
2025-12-17T04:47:17.386825+00:00 DEBUG 'ansible_navigator.main' Prior to rollback: settings_sample = 'False' (bool/Defaults)
2025-12-17T04:47:17.386830+00:00 DEBUG 'ansible_navigator.main' Prior to rollback: settings_schema = 'json' (str/Defaults)
2025-12-17T04:47:17.386836+00:00 DEBUG 'ansible_navigator.main' Prior to rollback: settings_sources = 'False' (bool/Defaults)
2025-12-17T04:47:17.386841+00:00 DEBUG 'ansible_navigator.main' Prior to rollback: time_zone = 'UTC' (str/Defaults)
2025-12-17T04:47:17.386846+00:00 DEBUG 'ansible_navigator.main' Prior to rollback: workdir = '/Users/chowdri/Documents/Intern_SelfLearn/Ansible/Day4/task1' (str/Defaults)
2025-12-17T04:47:17.386852+00:00 DEBUG 'ansible_navigator.main' After rollback: ansible_runner_artifact_dir = 'Not set' (Constants/Not set)
2025-12-17T04:47:17.386858+00:00 DEBUG 'ansible_navigator.main' After rollback: ansible_runner_rotate_artifacts_count = 'Not set' (Constants/Not set)
2025-12-17T04:47:17.386863+00:00 DEBUG 'ansible_navigator.main' After rollback: ansible_runner_timeout = 'Not set' (Constants/Not set)
2025-12-17T04:47:17.386868+00:00 DEBUG 'ansible_navigator.main' After rollback: ansible_runner_write_job_events = 'Not set' (Constants/Not set)
2025-12-17T04:47:17.386874+00:00 DEBUG 'ansible_navigator.main' After rollback: app = 'Not set' (Constants/Not set)
2025-12-17T04:47:17.386879+00:00 DEBUG 'ansible_navigator.main' After rollback: cmdline = 'Not set' (Constants/Not set)
2025-12-17T04:47:17.386884+00:00 DEBUG 'ansible_navigator.main' After rollback: collection_doc_cache_path = 'Not set' (Constants/Not set)
2025-12-17T04:47:17.386889+00:00 DEBUG 'ansible_navigator.main' After rollback: config = 'Not set' (Constants/Not set)
2025-12-17T04:47:17.386895+00:00 DEBUG 'ansible_navigator.main' After rollback: container_engine = 'Not set' (Constants/Not set)
2025-12-17T04:47:17.386900+00:00 DEBUG 'ansible_navigator.main' After rollback: container_options = 'Not set' (Constants/Not set)
2025-12-17T04:47:17.386905+00:00 DEBUG 'ansible_navigator.main' After rollback: display_color = 'Not set' (Constants/Not set)
2025-12-17T04:47:17.386910+00:00 DEBUG 'ansible_navigator.main' After rollback: editor_command = 'Not set' (Constants/Not set)
2025-12-17T04:47:17.386916+00:00 DEBUG 'ansible_navigator.main' After rollback: editor_console = 'Not set' (Constants/Not set)
2025-12-17T04:47:17.386923+00:00 DEBUG 'ansible_navigator.main' After rollback: enable_prompts = 'Not set' (Constants/Not set)
2025-12-17T04:47:17.386928+00:00 DEBUG 'ansible_navigator.main' After rollback: exec_command = 'Not set' (Constants/Not set)
2025-12-17T04:47:17.386934+00:00 DEBUG 'ansible_navigator.main' After rollback: exec_shell = 'Not set' (Constants/Not set)
2025-12-17T04:47:17.386939+00:00 DEBUG 'ansible_navigator.main' After rollback: execution_environment = 'Not set' (Constants/Not set)
2025-12-17T04:47:17.386944+00:00 DEBUG 'ansible_navigator.main' After rollback: execution_environment_image = 'Not set' (Constants/Not set)
2025-12-17T04:47:17.386950+00:00 DEBUG 'ansible_navigator.main' After rollback: execution_environment_volume_mounts = 'Not set' (Constants/Not set)
2025-12-17T04:47:17.386956+00:00 DEBUG 'ansible_navigator.main' After rollback: format = 'Not set' (Constants/Not set)
2025-12-17T04:47:17.386962+00:00 DEBUG 'ansible_navigator.main' After rollback: help_builder = 'Not set' (Constants/Not set)
2025-12-17T04:47:17.386969+00:00 DEBUG 'ansible_navigator.main' After rollback: help_config = 'Not set' (Constants/Not set)
2025-12-17T04:47:17.386976+00:00 DEBUG 'ansible_navigator.main' After rollback: help_doc = 'Not set' (Constants/Not set)
2025-12-17T04:47:17.386983+00:00 DEBUG 'ansible_navigator.main' After rollback: help_inventory = 'Not set' (Constants/Not set)
2025-12-17T04:47:17.386990+00:00 DEBUG 'ansible_navigator.main' After rollback: help_playbook = 'Not set' (Constants/Not set)
2025-12-17T04:47:17.386995+00:00 DEBUG 'ansible_navigator.main' After rollback: images_details = 'Not set' (Constants/Not set)
2025-12-17T04:47:17.387001+00:00 DEBUG 'ansible_navigator.main' After rollback: inventory = 'Not set' (Constants/Not set)
2025-12-17T04:47:17.387006+00:00 DEBUG 'ansible_navigator.main' After rollback: inventory_column = 'Not set' (Constants/Not set)
2025-12-17T04:47:17.387012+00:00 DEBUG 'ansible_navigator.main' After rollback: lint_config = 'Not set' (Constants/Not set)
2025-12-17T04:47:17.387017+00:00 DEBUG 'ansible_navigator.main' After rollback: lintables = 'Not set' (Constants/Not set)
2025-12-17T04:47:17.387024+00:00 DEBUG 'ansible_navigator.main' After rollback: log_append = 'Not set' (Constants/Not set)
2025-12-17T04:47:17.387031+00:00 DEBUG 'ansible_navigator.main' After rollback: log_file = 'Not set' (Constants/Not set)
2025-12-17T04:47:17.387039+00:00 DEBUG 'ansible_navigator.main' After rollback: log_level = 'Not set' (Constants/Not set)
2025-12-17T04:47:17.387046+00:00 DEBUG 'ansible_navigator.main' After rollback: mode = 'Not set' (Constants/Not set)
2025-12-17T04:47:17.387054+00:00 DEBUG 'ansible_navigator.main' After rollback: osc4 = 'Not set' (Constants/Not set)
2025-12-17T04:47:17.387060+00:00 DEBUG 'ansible_navigator.main' After rollback: pass_environment_variable = 'Not set' (Constants/Not set)
2025-12-17T04:47:17.387067+00:00 DEBUG 'ansible_navigator.main' After rollback: playbook = 'Not set' (Constants/Not set)
2025-12-17T04:47:17.387073+00:00 DEBUG 'ansible_navigator.main' After rollback: playbook_artifact_enable = 'Not set' (Constants/Not set)
2025-12-17T04:47:17.387079+00:00 DEBUG 'ansible_navigator.main' After rollback: playbook_artifact_replay = 'Not set' (Constants/Not set)
2025-12-17T04:47:17.387085+00:00 DEBUG 'ansible_navigator.main' After rollback: playbook_artifact_save_as = 'Not set' (Constants/Not set)
2025-12-17T04:47:17.387091+00:00 DEBUG 'ansible_navigator.main' After rollback: plugin_name = 'Not set' (Constants/Not set)
2025-12-17T04:47:17.387097+00:00 DEBUG 'ansible_navigator.main' After rollback: plugin_type = 'Not set' (Constants/Not set)
2025-12-17T04:47:17.387103+00:00 DEBUG 'ansible_navigator.main' After rollback: pull_arguments = 'Not set' (Constants/Not set)
2025-12-17T04:47:17.387109+00:00 DEBUG 'ansible_navigator.main' After rollback: pull_policy = 'Not set' (Constants/Not set)
2025-12-17T04:47:17.387115+00:00 DEBUG 'ansible_navigator.main' After rollback: set_environment_variable = 'Not set' (Constants/Not set)
2025-12-17T04:47:17.387124+00:00 DEBUG 'ansible_navigator.main' After rollback: settings_effective = 'Not set' (Constants/Not set)
2025-12-17T04:47:17.387130+00:00 DEBUG 'ansible_navigator.main' After rollback: settings_sample = 'Not set' (Constants/Not set)
2025-12-17T04:47:17.387136+00:00 DEBUG 'ansible_navigator.main' After rollback: settings_schema = 'Not set' (Constants/Not set)
2025-12-17T04:47:17.387142+00:00 DEBUG 'ansible_navigator.main' After rollback: settings_sources = 'Not set' (Constants/Not set)
2025-12-17T04:47:17.387148+00:00 DEBUG 'ansible_navigator.main' After rollback: time_zone = 'Not set' (Constants/Not set)
2025-12-17T04:47:17.387154+00:00 DEBUG 'ansible_navigator.main' After rollback: workdir = 'Not set' (Constants/Not set)
2025-12-17T04:47:17.387161+00:00 DEBUG 'ansible_navigator.main' Configuration rollback complete.
2025-12-17T04:47:17.387167+00:00 DEBUG 'ansible_navigator.main' Collection doc cache not mounted
2025-12-17T04:47:17.387177+00:00 WARNING 'ansible_navigator.main' Issues were found while applying the settings.
2025-12-17T04:47:17.387185+00:00 INFO 'ansible_navigator.main' Command provided: 'doc'
2025-12-17T04:47:17.387193+00:00 ERROR 'ansible_navigator.main' A plugin name or other parameter is required when using the doc subcommand
2025-12-17T04:47:17.387200+00:00 INFO 'ansible_navigator.main' Try again with 'doc <plugin_name>'
2025-12-17T04:47:17.387207+00:00 INFO 'ansible_navigator.main' Configuration failed, using default log file location. (/Users/chowdri/Documents/Intern_SelfLearn/Ansible/Day4/task1/ansible-navigator.log) Log level set to debug
2025-12-17T04:47:17.387214+00:00 INFO 'ansible_navigator.main' Review the hints and log file to see what went wrong.
2025-12-17T04:50:21.577713+00:00 ERROR 'ansible_navigator.actions.doc._run_runner' Error occurred while fetching doc for plugin amazon.aws.ec2_vpc_subnet: '[WARNING]: Error loading plugin 'amazon.aws.ec2_vpc_subnet': No module named 'ansible_collections.amazon'
[WARNING]: amazon.aws.ec2_vpc_subnet was not found
'
2025-12-17T04:50:39.435011+00:00 ERROR 'ansible_navigator.actions.doc._run_runner' Error occurred while fetching doc for plugin amazon.aws.ec2_vpc_subnet: '[WARNING]: Error loading plugin 'amazon.aws.ec2_vpc_subnet': No module named 'ansible_collections.amazon'
[WARNING]: amazon.aws.ec2_vpc_subnet was not found
'
